// Vitest Snapshot v1, https://vitest.dev/guide/snapshot.html

exports[`renders Home component correctly 1`] = `
<div
  className="w-screen h-screen flex justify-center items-center"
>
  <div
    className="loader"
  />
</div>
`;
